#
# cat rrcp.txt | build/rrcp_async_tcp_client localhost 8001 | tee test.log
# 
write_msgs_.push_back(M:Utility 10001 GInitialInfo"v8.53.2","async",10)
gInitialInfo"08.43.00 SVFuA"
write_msgs_.push_back(M:Radio 10002 SString"\rHallo\tWorld\n")
E:2 10002
write_msgs_.push_back(M:Audio 10003 GAudioVolume)
gAudioVolume"Level 0"
write_msgs_.push_back(M:eRADIO 10004 S FREQUENCY 123456789)
E:2 10004
write_msgs_.push_back(M:Access 10005 GHasControl)
gHasControl1
write_msgs_.push_back(M:Access THasControl1)
dHasControl1
t
write_msgs_.push_back(M:Access 10006 GOwnSession)
gOwnSession"Monitoring"
write_msgs_.push_back(M:Access TOwnSession1)
dOwnSession"Monitoring"
t
write_msgs_.push_back(M:Access 10007 SReqSession"Monitoring")
s
write_msgs_.push_back(M:Audio 10008 GAudioVolume)
gAudioVolume"Level 0"
write_msgs_.push_back(M:Audio TAudioVolume1)
dAudioVolume"Level 0"
t
write_msgs_.push_back(M:Audio 10009 SAudioVolume"Level 0")
dAudioVolume"Level 2"
s
write_msgs_.push_back(M:Audio TAudioVolume0)
t
write_msgs_.push_back(M:Control 10010 SActPreset0)
s
write_msgs_.push_back(M:Control 10011 GCurrMission)
gCurrMission"testString"
write_msgs_.push_back(M:Control TCurrMission1)
dCurrMission"Mission1"
dCurrMission"Mission1"
t
write_msgs_.push_back(M:Control 10012 SCurrMission"testString")
s
write_msgs_.push_back(M:Control TCurrMission0)
t
write_msgs_.push_back(M:Control 10013 GCurrWF)
gCurrWF"ExWF"
write_msgs_.push_back(M:Control TCurrWF1)
dCurrWF"ExWF"
dOwnSession"Advanced"
dHasControl1
t
write_msgs_.push_back(M:Control 10014 GPresetID)
gPresetID0,"Leer Preset"
write_msgs_.push_back(M:Control TPresetID1)
dPresetID4,"RN4"
t
write_msgs_.push_back(M:Control 10015 GTxInhibit)
gTxInhibit"None"
write_msgs_.push_back(M:Control TTxInhibit1)
dTxInhibit"None"
dOwnSession"Monitoring"
dHasControl0
dPresetID5,"RN5"
dTxInhibit"None"
t
write_msgs_.push_back(M:Control 10016 STxInhibit"Disabled")
s
write_msgs_.push_back(M:Control TTxInhibit0)
t
write_msgs_.push_back(M:Inventory 10017 GInvCountCus)
gInvCountCus1,"GG"
write_msgs_.push_back(M:Inventory 10018 GInventoryCus0)
dPresetID6,"RN6"
gInventoryCus"GG, , , , , , , , , , ,",""
write_msgs_.push_back(M:Inventory 10019 GInvCount)
gInvCount1
write_msgs_.push_back(M:Inventory 10020 GInventory0)
gInventory"GG, , , , , , , , , , ,",""
write_msgs_.push_back(M:IP 10021 GOwnAdrvIV"Control")
gOwnAdrvIV"127.0.0.1/8",""
write_msgs_.push_back(M:IP 10022 SOwnAdrvIV"Control","testString","testString")
dPresetID7,"RN7"
s0OwnAdrvIV
write_msgs_.push_back(M:Mission 10023 GGlobalAddr)
gGlobalAddr"RGA1123581321"
write_msgs_.push_back(M:Mission 10024 SGlobalAddr"testString")
s0GlobalAddr
write_msgs_.push_back(M:Mission 10025 GMissions)
gMissions1,"testString","Original"
write_msgs_.push_back(M:Mission 10026 GPresets0,1)
dPresetID8,"RN8"
dCurrWF""
gPresets0
write_msgs_.push_back(M:OBIT 10027 GGOState)
gGOState"GO"
write_msgs_.push_back(M:OBIT TGOState1)
dGOState"GO"
t
write_msgs_.push_back(M:OBIT 10028 GTestErrors)
gTestErrors0
write_msgs_.push_back(M:OBIT 10029 GTestIDs)
dPresetID9,"RN9"
dGOState"NOGO"
dCurrWF"ExWF"
gTestIDs4,0,1,2,42
write_msgs_.push_back(M:RxTx 10030 GPowerLevel)
gPowerLevel"Off"
write_msgs_.push_back(M:RxTx TPowerLevel1)
dPowerLevel"Low"
t
write_msgs_.push_back(M:RxTx 10031 SPowerLevel"Off")
s
write_msgs_.push_back(M:RxTx TPowerLevel0)
dPresetID10,"RN10"
dGOState"GO"
dCurrWF""
t
write_msgs_.push_back(M:RxTx 10032 GVswr)
gVswr0
write_msgs_.push_back(M:RxTx TVswr1)
dVswr0
t
write_msgs_.push_back(M:Utility 10033 GBattStatus)
gBattStatus"Broken",0
write_msgs_.push_back(M:Utility TBattStatus1)
dBattStatus"Charging",11
dPresetID11,"RN11"
dGOState"NOGO"
dCurrWF"ExWF"
dBattStatus"Charging",12
dVswr33
t
write_msgs_.push_back(M:Utility 10034 GErrorText0,"English")
gErrorText"Unknown ErrorId 0","Error"
write_msgs_.push_back(M:Utility 10035 GInitialInfo"VersionStr","IdString",0)
gInitialInfo"08.43.00 SVFuA"
write_msgs_.push_back(M:Utility 10036 GPing"message")
gPing"message"
write_msgs_.push_back(M:Maintenance 10037 SRestart)
dPresetID12,"RN12"
dGOState"GO"
dCurrWF""
dBattStatus"Charging",13
dVswr36
dPresetID13,"RN13"
dGOState"NOGO"
dCurrWF"ExWF"
dBattStatus"Charging",14
dVswr39
dPresetID14,"RN14"
dGOState"GO"
dCurrWF""
dBattStatus"Charging",15
dVswr42
dPresetID15,"RN15"
dGOState"NOGO"
dCurrWF"ExWF"
dBattStatus"Charging",16
dVswr45
dPresetID16,"RN16"
dGOState"GO"
dCurrWF""
dBattStatus"Charging",17
dVswr48
s
write_msgs_.push_back(M:Maintenance 10038 SShutdown)
dCurrWF"ExWF"
dCurrWF"ExWF"
dPresetID0,"RN0"
dBattStatus"Charging",1
dVswr0
s
dPresetID1,"RN1"
dBattStatus"Charging",2
dVswr3
dPresetID2,"RN2"
dBattStatus"Charging",3
dVswr6
dPresetID3,"RN3"
dBattStatus"Charging",4
dVswr9
dOwnSession"Advanced"
dHasControl1
dPresetID4,"RN4"
dBattStatus"Charging",5
dVswr12
dOwnSession"Monitoring"
dHasControl0
dPresetID5,"RN5"
dBattStatus"Charging",6
dVswr15
dPresetID6,"RN6"
dBattStatus"Charging",7
dVswr18
dPresetID7,"RN7"
dBattStatus"Charging",8
dVswr21
dPresetID8,"RN8"
dGOState"GO"
dCurrWF""
dBattStatus"Charging",9
dVswr24
dPresetID9,"RN9"
dGOState"NOGO"
dCurrWF"ExWF"
dBattStatus"Charging",10
dVswr27
dPresetID10,"RN10"
dGOState"GO"
dCurrWF""
dBattStatus"Charging",11
dVswr30
